d:\users\2409417\desktop\github\3dactiongame1\game\game\x64\debug\vc143.pdb
d:\users\2409417\desktop\github\3dactiongame1\game\game\x64\debug\vc143.idb
d:\users\2409417\desktop\github\3dactiongame1\game\game\x64\debug\scenebase.obj
d:\users\2409417\desktop\github\3dactiongame1\game\game\x64\debug\resultscene.obj
d:\users\2409417\desktop\github\3dactiongame1\game\game\x64\debug\player.obj
d:\users\2409417\desktop\github\3dactiongame1\game\game\x64\debug\map.obj
d:\users\2409417\desktop\github\3dactiongame1\game\game\x64\debug\firering.obj
d:\users\2409417\desktop\github\3dactiongame1\game\game\x64\debug\goal.obj
d:\users\2409417\desktop\github\3dactiongame1\game\game\x64\debug\fov.obj
d:\users\2409417\desktop\github\3dactiongame1\game\game\x64\debug\enemymanager.obj
d:\users\2409417\desktop\github\3dactiongame1\game\game\x64\debug\enemy.obj
d:\users\2409417\desktop\github\3dactiongame1\game\game\x64\debug\collisionmanager.obj
d:\users\2409417\desktop\github\3dactiongame1\game\game\x64\debug\characterbase.obj
d:\users\2409417\desktop\github\3dactiongame1\game\game\x64\debug\playcamera.obj
d:\users\2409417\desktop\github\3dactiongame1\game\game\x64\debug\debugcamera.obj
d:\users\2409417\desktop\github\3dactiongame1\game\game\x64\debug\cameramanager.obj
d:\users\2409417\desktop\github\3dactiongame1\game\game\x64\debug\attack.obj
d:\users\2409417\desktop\github\3dactiongame1\game\game\x64\debug\fps.obj
d:\users\2409417\desktop\github\3dactiongame1\game\game\x64\debug\fade.obj
d:\users\2409417\desktop\github\3dactiongame1\game\game\x64\debug\number.obj
d:\users\2409417\desktop\github\3dactiongame1\game\game\x64\debug\mymath.obj
d:\users\2409417\desktop\github\3dactiongame1\game\game\x64\debug\actor.obj
d:\users\2409417\desktop\github\3dactiongame1\game\game\x64\debug\3dobject.obj
d:\users\2409417\desktop\github\3dactiongame1\game\game\x64\debug\keyinput.obj
d:\users\2409417\desktop\github\3dactiongame1\game\game\x64\debug\controllerinput.obj
d:\users\2409417\desktop\github\3dactiongame1\game\game\x64\debug\collision.obj
d:\users\2409417\desktop\github\3dactiongame1\game\game\x64\debug\2dui.obj
d:\users\2409417\desktop\github\3dactiongame1\game\game\x64\debug\soundmanager.obj
d:\users\2409417\desktop\github\3dactiongame1\game\game\x64\debug\sky.obj
d:\users\2409417\desktop\github\3dactiongame1\game\game\x64\debug\shotmanager.obj
d:\users\2409417\desktop\github\3dactiongame1\game\game\x64\debug\shotbase.obj
d:\users\2409417\desktop\github\3dactiongame1\game\game\x64\debug\titlescene.obj
d:\users\2409417\desktop\github\3dactiongame1\game\game\x64\debug\scenemanager.obj
d:\users\2409417\desktop\github\3dactiongame1\game\game\x64\debug\playscene.obj
d:\users\2409417\desktop\github\3dactiongame1\game\game\x64\debug\main.obj
d:\users\2409417\desktop\github\3dactiongame1\game\game\x64\debug\itemmanager.obj
d:\users\2409417\desktop\github\3dactiongame1\game\game\x64\debug\itembase.obj
d:\users\2409417\desktop\github\3dactiongame1\game\x64\debug\game.exe
d:\users\2409417\desktop\github\3dactiongame1\game\x64\debug\game.pdb
d:\users\2409417\desktop\github\3dactiongame1\game\game\x64\debug\game.ilk
d:\users\2409417\desktop\github\3dactiongame1\game\game\x64\debug\game.tlog\cl.command.1.tlog
d:\users\2409417\desktop\github\3dactiongame1\game\game\x64\debug\game.tlog\cl.items.tlog
d:\users\2409417\desktop\github\3dactiongame1\game\game\x64\debug\game.tlog\cl.read.1.tlog
d:\users\2409417\desktop\github\3dactiongame1\game\game\x64\debug\game.tlog\cl.write.1.tlog
d:\users\2409417\desktop\github\3dactiongame1\game\game\x64\debug\game.tlog\link.command.1.tlog
d:\users\2409417\desktop\github\3dactiongame1\game\game\x64\debug\game.tlog\link.read.1.tlog
d:\users\2409417\desktop\github\3dactiongame1\game\game\x64\debug\game.tlog\link.secondary.1.tlog
d:\users\2409417\desktop\github\3dactiongame1\game\game\x64\debug\game.tlog\link.write.1.tlog
