  attack.cpp
  cameraBase.cpp
  cameraManager.cpp
  debugCamera.cpp
  playCamera.cpp
  characterBase.cpp
  collisionManager.cpp
  enemy.cpp
  enemyManager.cpp
  FOV.cpp
  goal.cpp
  fireRing.cpp
  harbAmulent.cpp
  itemBase.cpp
  itemInventory.cpp
  itemManager.cpp
  itemShotBase.cpp
  main.cpp
  map.cpp
  player.cpp
  コードを生成中...
  コンパイル中...
  playScene.cpp
  resultScene.cpp
  sceneBase.cpp
  sceneManager.cpp
  titleScene.cpp
  shotBase.cpp
  shotManager.cpp
  sky.cpp
  effectData.cpp
  soundManager.cpp
  2DUi.cpp
  collision.cpp
  effekseer.cpp
  controllerInput.cpp
  KeyInput.cpp
  3DObject.cpp
  actor.cpp
  myMath.cpp
  number.cpp
  fade.cpp
  コードを生成中...
  コンパイル中...
  fps.cpp
  コードを生成中...
  game.vcxproj -> D:\Users\2409417\Desktop\gitHub\3DActionGame1\前期最終提出用\プログラムファイル\x64\Debug\game.exe
