  attack.cpp
  cameraManager.cpp
  debugCamera.cpp
  playCamera.cpp
  characterBase.cpp
  collisionManager.cpp
  enemy.cpp
  enemyManager.cpp
  FOV.cpp
  main.cpp
  map.cpp
  player.cpp
  playScene.cpp
  resultScene.cpp
  sceneBase.cpp
  sceneManager.cpp
  titleScene.cpp
  sky.cpp
  soundManager.cpp
  2DUi.cpp
  コンパイル中...
  collision.cpp
  controllerInput.cpp
  KeyInput.cpp
  3DObject.cpp
  actor.cpp
  myMath.cpp
  number.cpp
  fade.cpp
  fps.cpp
  コード生成しています。
  Previous IPDB not found, fall back to full compilation.
  All 338 functions were compiled because no usable IPDB/IOBJ from previous compilation was found.
  コード生成が終了しました。
  game.vcxproj -> D:\Users\2409417\Desktop\gitHub\3DActionGame1\game\x64\Release\game.exe
